SQL> --join
SQL> --inner join : 지금까지 사용해왔던 조인
SQL> --            조인대상 테이블에서 공통적인 데이터만 가져온다
SQL> --outer join : 공통적인 데이터가 없는 경우에도 가져올 수 있다.
SQL> set line 1000
SQL> select *from emp;
SP2-0640: Not connected
SQL> conn user0907/1234
Connected.
SQL> select *from emp;

     EMPNO ENAME                JOB                       MGR HIREDATE        SAL       COMM     DEPTNO                                                                                                                                                                                                                                                                                                                                                                                                                                                                                                                                                                                                                                                                                                                                                                                                                                                                                                                                 
---------- -------------------- ------------------ ---------- -------- ---------- ---------- ----------                                                                                                                                                                                                                                                                                                                                                                                                                                                                                                                                                                                                                                                                                                                                                                                                                                                                                                                                 
      7369 SMITH                CLERK                    7902 80/12/17        800                    20                                                                                                                                                                                                                                                                                                                                                                                                                                                                                                                                                                                                                                                                                                                                                                                                                                                                                                                                 
      7499 ALLEN                SALESMAN                 7698 81/02/20       1600        300         30                                                                                                                                                                                                                                                                                                                                                                                                                                                                                                                                                                                                                                                                                                                                                                                                                                                                                                                                 
      7521 WARD                 SALESMAN                 7698 81/02/22       1250        500         30                                                                                                                                                                                                                                                                                                                                                                                                                                                                                                                                                                                                                                                                                                                                                                                                                                                                                                                                 
      7566 JONES                MANAGER                  7839 81/04/02       2975                    20                                                                                                                                                                                                                                                                                                                                                                                                                                                                                                                                                                                                                                                                                                                                                                                                                                                                                                                                 
      7654 MARTIN               SALESMAN                 7698 81/09/28       1250       1400         30                                                                                                                                                                                                                                                                                                                                                                                                                                                                                                                                                                                                                                                                                                                                                                                                                                                                                                                                 
      7698 BLAKE                MANAGER                  7839 81/05/01       2850                    30                                                                                                                                                                                                                                                                                                                                                                                                                                                                                                                                                                                                                                                                                                                                                                                                                                                                                                                                 
      7782 CLARK                MANAGER                  7839 81/06/09       2450                    10                                                                                                                                                                                                                                                                                                                                                                                                                                                                                                                                                                                                                                                                                                                                                                                                                                                                                                                                 
      7788 SCOTT                ANALYST                  7566 87/04/19       3000                    20                                                                                                                                                                                                                                                                                                                                                                                                                                                                                                                                                                                                                                                                                                                                                                                                                                                                                                                                 
      7839 KING                 PRESIDENT                     81/11/17       5000                    10                                                                                                                                                                                                                                                                                                                                                                                                                                                                                                                                                                                                                                                                                                                                                                                                                                                                                                                                 
      7844 TURNER               SALESMAN                 7698 81/09/08       1500          0         30                                                                                                                                                                                                                                                                                                                                                                                                                                                                                                                                                                                                                                                                                                                                                                                                                                                                                                                                 
      7876 ADAMS                CLERK                    7788 87/05/23       1100                    20                                                                                                                                                                                                                                                                                                                                                                                                                                                                                                                                                                                                                                                                                                                                                                                                                                                                                                                                 

     EMPNO ENAME                JOB                       MGR HIREDATE        SAL       COMM     DEPTNO                                                                                                                                                                                                                                                                                                                                                                                                                                                                                                                                                                                                                                                                                                                                                                                                                                                                                                                                 
---------- -------------------- ------------------ ---------- -------- ---------- ---------- ----------                                                                                                                                                                                                                                                                                                                                                                                                                                                                                                                                                                                                                                                                                                                                                                                                                                                                                                                                 
      7900 JAMES                CLERK                    7698 81/12/03        950                    30                                                                                                                                                                                                                                                                                                                                                                                                                                                                                                                                                                                                                                                                                                                                                                                                                                                                                                                                 
      7902 FORD                 ANALYST                  7566 81/12/03       3000                    20                                                                                                                                                                                                                                                                                                                                                                                                                                                                                                                                                                                                                                                                                                                                                                                                                                                                                                                                 
      7934 MILLER               CLERK                    7782 82/01/23       1300                    10                                                                                                                                                                                                                                                                                                                                                                                                                                                                                                                                                                                                                                                                                                                                                                                                                                                                                                                                 

14 rows selected.

SQL> select *from dept;

    DEPTNO DNAME                        LOC                                                                                                                                                                                                                                                                                                                                                                                                                                                                                                                                                                                                                                                                                                                                                                                                                                                                                                                                                                                             
---------- ---------------------------- --------------------------                                                                                                                                                                                                                                                                                                                                                                                                                                                                                                                                                                                                                                                                                                                                                                                                                                                                                                                                                                      
        10 ACCOUNTING                   NEW YORK                                                                                                                                                                                                                                                                                                                                                                                                                                                                                                                                                                                                                                                                                                                                                                                                                                                                                                                                                                                        
        20 RESEARCH                     DALLAS                                                                                                                                                                                                                                                                                                                                                                                                                                                                                                                                                                                                                                                                                                                                                                                                                                                                                                                                                                                          
        30 SALES                        CHICAGO                                                                                                                                                                                                                                                                                                                                                                                                                                                                                                                                                                                                                                                                                                                                                                                                                                                                                                                                                                                         
        40 OPERATIONS                   BOSTON                                                                                                                                                                                                                                                                                                                                                                                                                                                                                                                                                                                                                                                                                                                                                                                                                                                                                                                                                                                          

SQL> --부서명, 부서위치, 서원명,급여를 출력하시오
SQL> --join 필요
SQL> select dname,loc,ename,sal from dept d,emp e where d.deptno=e.deptno;

DNAME                        LOC                        ENAME                       SAL                                                                                                                                                                                                                                                                                                                                                                                                                                                                                                                                                                                                                                                                                                                                                                                                                                                                                                                                                 
---------------------------- -------------------------- -------------------- ----------                                                                                                                                                                                                                                                                                                                                                                                                                                                                                                                                                                                                                                                                                                                                                                                                                                                                                                                                                 
ACCOUNTING                   NEW YORK                   CLARK                      2450                                                                                                                                                                                                                                                                                                                                                                                                                                                                                                                                                                                                                                                                                                                                                                                                                                                                                                                                                 
ACCOUNTING                   NEW YORK                   KING                       5000                                                                                                                                                                                                                                                                                                                                                                                                                                                                                                                                                                                                                                                                                                                                                                                                                                                                                                                                                 
ACCOUNTING                   NEW YORK                   MILLER                     1300                                                                                                                                                                                                                                                                                                                                                                                                                                                                                                                                                                                                                                                                                                                                                                                                                                                                                                                                                 
RESEARCH                     DALLAS                     JONES                      2975                                                                                                                                                                                                                                                                                                                                                                                                                                                                                                                                                                                                                                                                                                                                                                                                                                                                                                                                                 
RESEARCH                     DALLAS                     FORD                       3000                                                                                                                                                                                                                                                                                                                                                                                                                                                                                                                                                                                                                                                                                                                                                                                                                                                                                                                                                 
RESEARCH                     DALLAS                     ADAMS                      1100                                                                                                                                                                                                                                                                                                                                                                                                                                                                                                                                                                                                                                                                                                                                                                                                                                                                                                                                                 
RESEARCH                     DALLAS                     SMITH                       800                                                                                                                                                                                                                                                                                                                                                                                                                                                                                                                                                                                                                                                                                                                                                                                                                                                                                                                                                 
RESEARCH                     DALLAS                     SCOTT                      3000                                                                                                                                                                                                                                                                                                                                                                                                                                                                                                                                                                                                                                                                                                                                                                                                                                                                                                                                                 
SALES                        CHICAGO                    WARD                       1250                                                                                                                                                                                                                                                                                                                                                                                                                                                                                                                                                                                                                                                                                                                                                                                                                                                                                                                                                 
SALES                        CHICAGO                    TURNER                     1500                                                                                                                                                                                                                                                                                                                                                                                                                                                                                                                                                                                                                                                                                                                                                                                                                                                                                                                                                 
SALES                        CHICAGO                    ALLEN                      1600                                                                                                                                                                                                                                                                                                                                                                                                                                                                                                                                                                                                                                                                                                                                                                                                                                                                                                                                                 

DNAME                        LOC                        ENAME                       SAL                                                                                                                                                                                                                                                                                                                                                                                                                                                                                                                                                                                                                                                                                                                                                                                                                                                                                                                                                 
---------------------------- -------------------------- -------------------- ----------                                                                                                                                                                                                                                                                                                                                                                                                                                                                                                                                                                                                                                                                                                                                                                                                                                                                                                                                                 
SALES                        CHICAGO                    JAMES                       950                                                                                                                                                                                                                                                                                                                                                                                                                                                                                                                                                                                                                                                                                                                                                                                                                                                                                                                                                 
SALES                        CHICAGO                    BLAKE                      2850                                                                                                                                                                                                                                                                                                                                                                                                                                                                                                                                                                                                                                                                                                                                                                                                                                                                                                                                                 
SALES                        CHICAGO                    MARTIN                     1250                                                                                                                                                                                                                                                                                                                                                                                                                                                                                                                                                                                                                                                                                                                                                                                                                                                                                                                                                 

14 rows selected.

SQL> select d.deptno,dname,loc,ename,sal from dept d left outer join emp e on d.deptno=e.deptno;

    DEPTNO DNAME                        LOC                        ENAME                       SAL                                                                                                                                                                                                                                                                                                                                                                                                                                                                                                                                                                                                                                                                                                                                                                                                                                                                                                                                      
---------- ---------------------------- -------------------------- -------------------- ----------                                                                                                                                                                                                                                                                                                                                                                                                                                                                                                                                                                                                                                                                                                                                                                                                                                                                                                                                      
        10 ACCOUNTING                   NEW YORK                   CLARK                      2450                                                                                                                                                                                                                                                                                                                                                                                                                                                                                                                                                                                                                                                                                                                                                                                                                                                                                                                                      
        10 ACCOUNTING                   NEW YORK                   KING                       5000                                                                                                                                                                                                                                                                                                                                                                                                                                                                                                                                                                                                                                                                                                                                                                                                                                                                                                                                      
        10 ACCOUNTING                   NEW YORK                   MILLER                     1300                                                                                                                                                                                                                                                                                                                                                                                                                                                                                                                                                                                                                                                                                                                                                                                                                                                                                                                                      
        20 RESEARCH                     DALLAS                     JONES                      2975                                                                                                                                                                                                                                                                                                                                                                                                                                                                                                                                                                                                                                                                                                                                                                                                                                                                                                                                      
        20 RESEARCH                     DALLAS                     FORD                       3000                                                                                                                                                                                                                                                                                                                                                                                                                                                                                                                                                                                                                                                                                                                                                                                                                                                                                                                                      
        20 RESEARCH                     DALLAS                     ADAMS                      1100                                                                                                                                                                                                                                                                                                                                                                                                                                                                                                                                                                                                                                                                                                                                                                                                                                                                                                                                      
        20 RESEARCH                     DALLAS                     SMITH                       800                                                                                                                                                                                                                                                                                                                                                                                                                                                                                                                                                                                                                                                                                                                                                                                                                                                                                                                                      
        20 RESEARCH                     DALLAS                     SCOTT                      3000                                                                                                                                                                                                                                                                                                                                                                                                                                                                                                                                                                                                                                                                                                                                                                                                                                                                                                                                      
        30 SALES                        CHICAGO                    WARD                       1250                                                                                                                                                                                                                                                                                                                                                                                                                                                                                                                                                                                                                                                                                                                                                                                                                                                                                                                                      
        30 SALES                        CHICAGO                    TURNER                     1500                                                                                                                                                                                                                                                                                                                                                                                                                                                                                                                                                                                                                                                                                                                                                                                                                                                                                                                                      
        30 SALES                        CHICAGO                    ALLEN                      1600                                                                                                                                                                                                                                                                                                                                                                                                                                                                                                                                                                                                                                                                                                                                                                                                                                                                                                                                      

    DEPTNO DNAME                        LOC                        ENAME                       SAL                                                                                                                                                                                                                                                                                                                                                                                                                                                                                                                                                                                                                                                                                                                                                                                                                                                                                                                                      
---------- ---------------------------- -------------------------- -------------------- ----------                                                                                                                                                                                                                                                                                                                                                                                                                                                                                                                                                                                                                                                                                                                                                                                                                                                                                                                                      
        30 SALES                        CHICAGO                    JAMES                       950                                                                                                                                                                                                                                                                                                                                                                                                                                                                                                                                                                                                                                                                                                                                                                                                                                                                                                                                      
        30 SALES                        CHICAGO                    BLAKE                      2850                                                                                                                                                                                                                                                                                                                                                                                                                                                                                                                                                                                                                                                                                                                                                                                                                                                                                                                                      
        30 SALES                        CHICAGO                    MARTIN                     1250                                                                                                                                                                                                                                                                                                                                                                                                                                                                                                                                                                                                                                                                                                                                                                                                                                                                                                                                      
        40 OPERATIONS                   BOSTON                                                                                                                                                                                                                                                                                                                                                                                                                                                                                                                                                                                                                                                                                                                                                                                                                                                                                                                                                                                          

15 rows selected.

SQL> select d.deptno,dname,loc,ename,sal from emp e right outer join dept d on d.deptno=e.deptno;

    DEPTNO DNAME                        LOC                        ENAME                       SAL                                                                                                                                                                                                                                                                                                                                                                                                                                                                                                                                                                                                                                                                                                                                                                                                                                                                                                                                      
---------- ---------------------------- -------------------------- -------------------- ----------                                                                                                                                                                                                                                                                                                                                                                                                                                                                                                                                                                                                                                                                                                                                                                                                                                                                                                                                      
        10 ACCOUNTING                   NEW YORK                   CLARK                      2450                                                                                                                                                                                                                                                                                                                                                                                                                                                                                                                                                                                                                                                                                                                                                                                                                                                                                                                                      
        10 ACCOUNTING                   NEW YORK                   KING                       5000                                                                                                                                                                                                                                                                                                                                                                                                                                                                                                                                                                                                                                                                                                                                                                                                                                                                                                                                      
        10 ACCOUNTING                   NEW YORK                   MILLER                     1300                                                                                                                                                                                                                                                                                                                                                                                                                                                                                                                                                                                                                                                                                                                                                                                                                                                                                                                                      
        20 RESEARCH                     DALLAS                     JONES                      2975                                                                                                                                                                                                                                                                                                                                                                                                                                                                                                                                                                                                                                                                                                                                                                                                                                                                                                                                      
        20 RESEARCH                     DALLAS                     FORD                       3000                                                                                                                                                                                                                                                                                                                                                                                                                                                                                                                                                                                                                                                                                                                                                                                                                                                                                                                                      
        20 RESEARCH                     DALLAS                     ADAMS                      1100                                                                                                                                                                                                                                                                                                                                                                                                                                                                                                                                                                                                                                                                                                                                                                                                                                                                                                                                      
        20 RESEARCH                     DALLAS                     SMITH                       800                                                                                                                                                                                                                                                                                                                                                                                                                                                                                                                                                                                                                                                                                                                                                                                                                                                                                                                                      
        20 RESEARCH                     DALLAS                     SCOTT                      3000                                                                                                                                                                                                                                                                                                                                                                                                                                                                                                                                                                                                                                                                                                                                                                                                                                                                                                                                      
        30 SALES                        CHICAGO                    WARD                       1250                                                                                                                                                                                                                                                                                                                                                                                                                                                                                                                                                                                                                                                                                                                                                                                                                                                                                                                                      
        30 SALES                        CHICAGO                    TURNER                     1500                                                                                                                                                                                                                                                                                                                                                                                                                                                                                                                                                                                                                                                                                                                                                                                                                                                                                                                                      
        30 SALES                        CHICAGO                    ALLEN                      1600                                                                                                                                                                                                                                                                                                                                                                                                                                                                                                                                                                                                                                                                                                                                                                                                                                                                                                                                      

    DEPTNO DNAME                        LOC                        ENAME                       SAL                                                                                                                                                                                                                                                                                                                                                                                                                                                                                                                                                                                                                                                                                                                                                                                                                                                                                                                                      
---------- ---------------------------- -------------------------- -------------------- ----------                                                                                                                                                                                                                                                                                                                                                                                                                                                                                                                                                                                                                                                                                                                                                                                                                                                                                                                                      
        30 SALES                        CHICAGO                    JAMES                       950                                                                                                                                                                                                                                                                                                                                                                                                                                                                                                                                                                                                                                                                                                                                                                                                                                                                                                                                      
        30 SALES                        CHICAGO                    BLAKE                      2850                                                                                                                                                                                                                                                                                                                                                                                                                                                                                                                                                                                                                                                                                                                                                                                                                                                                                                                                      
        30 SALES                        CHICAGO                    MARTIN                     1250                                                                                                                                                                                                                                                                                                                                                                                                                                                                                                                                                                                                                                                                                                                                                                                                                                                                                                                                      
        40 OPERATIONS                   BOSTON                                                                                                                                                                                                                                                                                                                                                                                                                                                                                                                                                                                                                                                                                                                                                                                                                                                                                                                                                                                          

15 rows selected.

SQL> select d.deptno,dname from dept where deptno=select num(deptno)from emp;
select d.deptno,dname from dept where deptno=select num(deptno)from emp
                                             *
ERROR at line 1:
ORA-00936: missing expression 


SQL> select d.deptno,dname from dept where deptno and select num(deptno) from emp;
select d.deptno,dname from dept where deptno and select num(deptno) from emp
                                             *
ERROR at line 1:
ORA-00920: invalid relational operator 


SQL> select d.deptno,dname from dept where d.deptno=select num(deptno) from emp;
select d.deptno,dname from dept where d.deptno=select num(deptno) from emp
                                               *
ERROR at line 1:
ORA-00936: missing expression 


SQL> select d.deptno,dname from dept where d.deptno and select num(deptno) from emp;
select d.deptno,dname from dept where d.deptno and select num(deptno) from emp
                                               *
ERROR at line 1:
ORA-00920: invalid relational operator 


SQL> select d.deptno,dname,ename from d.deptno=e.emp where d.deptno=e.emp and ename=select num(ename) from emp;
select d.deptno,dname,ename from d.deptno=e.emp where d.deptno=e.emp and ename=select num(ename) from emp
                                         *
ERROR at line 1:
ORA-00933: SQL command not properly ended 


SQL> select d.deptno,dname,ename from d.deptno,e.emp where d.deptno=e.emp and ename=select num(ename) from emp;
select d.deptno,dname,ename from d.deptno,e.emp where d.deptno=e.emp and ename=select num(ename) from emp
                                                                               *
ERROR at line 1:
ORA-00936: missing expression 


SQL> select d.deptno,dname,ename from d.deptno,e.emp where d.deptno=e.emp;
select d.deptno,dname,ename from d.deptno,e.emp where d.deptno=e.emp
                                            *
ERROR at line 1:
ORA-00942: table or view does not exist 


SQL> select d.deptno,dname,ename from d.deptno,e.emp where d.deptno=e.deptno;
select d.deptno,dname,ename from d.deptno,e.emp where d.deptno=e.deptno
                                            *
ERROR at line 1:
ORA-00942: table or view does not exist 


SQL> select d.deptno,dname,ename from d.deptno,e.deptno where d.deptno=e.deptno;
select d.deptno,dname,ename from d.deptno,e.deptno where d.deptno=e.deptno
                                            *
ERROR at line 1:
ORA-00942: table or view does not exist 


SQL> select d.deptno,dname,ename from dept d.emp e where d.deptno=e.deptno;
select d.deptno,dname,ename from dept d.emp e where d.deptno=e.deptno
                                       *
ERROR at line 1:
ORA-00933: SQL command not properly ended 


SQL> select d.deptno,dname,ename from dept d,emp e where d.deptno=e.deptno;

    DEPTNO DNAME                        ENAME                                                                                                                                                                                                                                                                                                                                                                                                                                                                                                                                                                                                                                                                                                                                                                                                                                                                                                                                                                                           
---------- ---------------------------- --------------------                                                                                                                                                                                                                                                                                                                                                                                                                                                                                                                                                                                                                                                                                                                                                                                                                                                                                                                                                                            
        10 ACCOUNTING                   CLARK                                                                                                                                                                                                                                                                                                                                                                                                                                                                                                                                                                                                                                                                                                                                                                                                                                                                                                                                                                                           
        10 ACCOUNTING                   KING                                                                                                                                                                                                                                                                                                                                                                                                                                                                                                                                                                                                                                                                                                                                                                                                                                                                                                                                                                                            
        10 ACCOUNTING                   MILLER                                                                                                                                                                                                                                                                                                                                                                                                                                                                                                                                                                                                                                                                                                                                                                                                                                                                                                                                                                                          
        20 RESEARCH                     JONES                                                                                                                                                                                                                                                                                                                                                                                                                                                                                                                                                                                                                                                                                                                                                                                                                                                                                                                                                                                           
        20 RESEARCH                     FORD                                                                                                                                                                                                                                                                                                                                                                                                                                                                                                                                                                                                                                                                                                                                                                                                                                                                                                                                                                                            
        20 RESEARCH                     ADAMS                                                                                                                                                                                                                                                                                                                                                                                                                                                                                                                                                                                                                                                                                                                                                                                                                                                                                                                                                                                           
        20 RESEARCH                     SMITH                                                                                                                                                                                                                                                                                                                                                                                                                                                                                                                                                                                                                                                                                                                                                                                                                                                                                                                                                                                           
        20 RESEARCH                     SCOTT                                                                                                                                                                                                                                                                                                                                                                                                                                                                                                                                                                                                                                                                                                                                                                                                                                                                                                                                                                                           
        30 SALES                        WARD                                                                                                                                                                                                                                                                                                                                                                                                                                                                                                                                                                                                                                                                                                                                                                                                                                                                                                                                                                                            
        30 SALES                        TURNER                                                                                                                                                                                                                                                                                                                                                                                                                                                                                                                                                                                                                                                                                                                                                                                                                                                                                                                                                                                          
        30 SALES                        ALLEN                                                                                                                                                                                                                                                                                                                                                                                                                                                                                                                                                                                                                                                                                                                                                                                                                                                                                                                                                                                           

    DEPTNO DNAME                        ENAME                                                                                                                                                                                                                                                                                                                                                                                                                                                                                                                                                                                                                                                                                                                                                                                                                                                                                                                                                                                           
---------- ---------------------------- --------------------                                                                                                                                                                                                                                                                                                                                                                                                                                                                                                                                                                                                                                                                                                                                                                                                                                                                                                                                                                            
        30 SALES                        JAMES                                                                                                                                                                                                                                                                                                                                                                                                                                                                                                                                                                                                                                                                                                                                                                                                                                                                                                                                                                                           
        30 SALES                        BLAKE                                                                                                                                                                                                                                                                                                                                                                                                                                                                                                                                                                                                                                                                                                                                                                                                                                                                                                                                                                                           
        30 SALES                        MARTIN                                                                                                                                                                                                                                                                                                                                                                                                                                                                                                                                                                                                                                                                                                                                                                                                                                                                                                                                                                                          

14 rows selected.

SQL> select d.deptno, dname, count(ename) from dept d,emp e where d.deptno=e.deptno group by d.deptno, dname;

    DEPTNO DNAME                        COUNT(ENAME)                                                                                                                                                                                                                                                                                                                                                                                                                                                                                                                                                                                                                                                                                                                                                                                                                                                                                                                                                                                    
---------- ---------------------------- ------------                                                                                                                                                                                                                                                                                                                                                                                                                                                                                                                                                                                                                                                                                                                                                                                                                                                                                                                                                                                    
        10 ACCOUNTING                              3                                                                                                                                                                                                                                                                                                                                                                                                                                                                                                                                                                                                                                                                                                                                                                                                                                                                                                                                                                                    
        20 RESEARCH                                5                                                                                                                                                                                                                                                                                                                                                                                                                                                                                                                                                                                                                                                                                                                                                                                                                                                                                                                                                                                    
        30 SALES                                   6                                                                                                                                                                                                                                                                                                                                                                                                                                                                                                                                                                                                                                                                                                                                                                                                                                                                                                                                                                                    

SQL> select d.deptno, dname, count(ename) from dept d left outer join emp e where d.deptno=e.deptno group by d.deptno, dname;
select d.deptno, dname, count(ename) from dept d left outer join emp e where d.deptno=e.deptno group by d.deptno, dname
                                                                       *
ERROR at line 1:
ORA-00905: missing keyword 


SQL> select d.deptno, dname, count(ename) from dept d left outer join emp e on d.deptno=e.deptno group by d.deptno, dname;

    DEPTNO DNAME                        COUNT(ENAME)                                                                                                                                                                                                                                                                                                                                                                                                                                                                                                                                                                                                                                                                                                                                                                                                                                                                                                                                                                                    
---------- ---------------------------- ------------                                                                                                                                                                                                                                                                                                                                                                                                                                                                                                                                                                                                                                                                                                                                                                                                                                                                                                                                                                                    
        10 ACCOUNTING                              3                                                                                                                                                                                                                                                                                                                                                                                                                                                                                                                                                                                                                                                                                                                                                                                                                                                                                                                                                                                    
        40 OPERATIONS                              0                                                                                                                                                                                                                                                                                                                                                                                                                                                                                                                                                                                                                                                                                                                                                                                                                                                                                                                                                                                    
        20 RESEARCH                                5                                                                                                                                                                                                                                                                                                                                                                                                                                                                                                                                                                                                                                                                                                                                                                                                                                                                                                                                                                                    
        30 SALES                                   6                                                                                                                                                                                                                                                                                                                                                                                                                                                                                                                                                                                                                                                                                                                                                                                                                                                                                                                                                                                    

SQL> select d.deptno, dname, count(ename) from dept d left outer join emp e on d.deptno=e.deptno group by d.deptno, dname
  2  order by d.deptno asc;

    DEPTNO DNAME                        COUNT(ENAME)                                                                                                                                                                                                                                                                                                                                                                                                                                                                                                                                                                                                                                                                                                                                                                                                                                                                                                                                                                                    
---------- ---------------------------- ------------                                                                                                                                                                                                                                                                                                                                                                                                                                                                                                                                                                                                                                                                                                                                                                                                                                                                                                                                                                                    
        10 ACCOUNTING                              3                                                                                                                                                                                                                                                                                                                                                                                                                                                                                                                                                                                                                                                                                                                                                                                                                                                                                                                                                                                    
        20 RESEARCH                                5                                                                                                                                                                                                                                                                                                                                                                                                                                                                                                                                                                                                                                                                                                                                                                                                                                                                                                                                                                                    
        30 SALES                                   6                                                                                                                                                                                                                                                                                                                                                                                                                                                                                                                                                                                                                                                                                                                                                                                                                                                                                                                                                                                    
        40 OPERATIONS                              0                                                                                                                                                                                                                                                                                                                                                                                                                                                                                                                                                                                                                                                                                                                                                                                                                                                                                                                                                                                    

SQL> select d.deptno, dname, count(ename) as 근무사원수 from dept d left outer join emp e on d.deptno=e.deptno group by d.deptno, dname
  2  order by d.deptno asc;\
  3  /
order by d.deptno asc;\
                      *
ERROR at line 2:
ORA-00911: invalid character 


SQL> select d.deptno, dname, count(ename) as 근무사원수 from dept d left outer join emp e on d.deptno=e.deptno group by d.deptno, dname
  2  order by d.deptno asc;

    DEPTNO DNAME                        근무사원수                                                                                                                                                                                                                                                                                                                                                                                                                                                                                                                                                                                                                                                                                                                                                                                                                                                                                                                                                                                      
---------- ---------------------------- ----------                                                                                                                                                                                                                                                                                                                                                                                                                                                                                                                                                                                                                                                                                                                                                                                                                                                                                                                                                                                      
        10 ACCOUNTING                            3                                                                                                                                                                                                                                                                                                                                                                                                                                                                                                                                                                                                                                                                                                                                                                                                                                                                                                                                                                                      
        20 RESEARCH                              5                                                                                                                                                                                                                                                                                                                                                                                                                                                                                                                                                                                                                                                                                                                                                                                                                                                                                                                                                                                      
        30 SALES                                 6                                                                                                                                                                                                                                                                                                                                                                                                                                                                                                                                                                                                                                                                                                                                                                                                                                                                                                                                                                                      
        40 OPERATIONS                            0                                                                                                                                                                                                                                                                                                                                                                                                                                                                                                                                                                                                                                                                                                                                                                                                                                                                                                                                                                                      

SQL> select *from category;

CATEGORY_ID NAME                                                                                                                                                                                                                                                                                                                                                                                                                                                                                                                                                                                                                                                                                                                                                                                                                                                                                                                                                                                                                        
----------- ----------------------------------------                                                                                                                                                                                                                                                                                                                                                                                                                                                                                                                                                                                                                                                                                                                                                                                                                                                                                                                                                                                    
          1 상의                                                                                                                                                                                                                                                                                                                                                                                                                                                                                                                                                                                                                                                                                                                                                                                                                                                                                                                                                                                                                        
          2 하의                                                                                                                                                                                                                                                                                                                                                                                                                                                                                                                                                                                                                                                                                                                                                                                                                                                                                                                                                                                                                        
          3 악세사리                                                                                                                                                                                                                                                                                                                                                                                                                                                                                                                                                                                                                                                                                                                                                                                                                                                                                                                                                                                                                    
          4 신발                                                                                                                                                                                                                                                                                                                                                                                                                                                                                                                                                                                                                                                                                                                                                                                                                                                                                                                                                                                                                        

SQL> select *from product;

PRODUCT_ID CATEGORY_ID CODE                                     PRODUCT_NAME                                  PRICE                                                                                                                                                                                                                                                                                                                                                                                                                                                                                                                                                                                                                                                                                                                                                                                                                                                                                                                     
---------- ----------- ---------------------------------------- ---------------------------------------- ----------                                                                                                                                                                                                                                                                                                                                                                                                                                                                                                                                                                                                                                                                                                                                                                                                                                                                                                                     
         1           1 JE0007                                   스키니청바지                                  30000                                                                                                                                                                                                                                                                                                                                                                                                                                                                                                                                                                                                                                                                                                                                                                                                                                                                                                                     
         2           1 JE0007                                   스키니청바지                                  30000                                                                                                                                                                                                                                                                                                                                                                                                                                                                                                                                                                                                                                                                                                                                                                                                                                                                                                                     
         3           1 JE0007                                   스키니청바지                                  30000                                                                                                                                                                                                                                                                                                                                                                                                                                                                                                                                                                                                                                                                                                                                                                                                                                                                                                                     
         4           1 JE0007                                   스키니청바지                                  30000                                                                                                                                                                                                                                                                                                                                                                                                                                                                                                                                                                                                                                                                                                                                                                                                                                                                                                                     
         5           1 JE0007                                   스키니청바지                                  30000                                                                                                                                                                                                                                                                                                                                                                                                                                                                                                                                                                                                                                                                                                                                                                                                                                                                                                                     
         6           1 JE0007                                   스키니청바지                                  30000                                                                                                                                                                                                                                                                                                                                                                                                                                                                                                                                                                                                                                                                                                                                                                                                                                                                                                                     
         7           1 JE0007                                   스키니청바지                                  30000                                                                                                                                                                                                                                                                                                                                                                                                                                                                                                                                                                                                                                                                                                                                                                                                                                                                                                                     
         8           1 JE0007                                   스키니청바지                                  30000                                                                                                                                                                                                                                                                                                                                                                                                                                                                                                                                                                                                                                                                                                                                                                                                                                                                                                                     
         9           1 JE0007                                   스키니청바지                                  30000                                                                                                                                                                                                                                                                                                                                                                                                                                                                                                                                                                                                                                                                                                                                                                                                                                                                                                                     
        10           1 JE0007                                   스키니청바지                                  30000                                                                                                                                                                                                                                                                                                                                                                                                                                                                                                                                                                                                                                                                                                                                                                                                                                                                                                                     

10 rows selected.

SQL> select category_id,name,count(product_name) from category left outer join product;
select category_id,name,count(product_name) from category left outer join product
                                                                                *
ERROR at line 1:
ORA-00905: missing keyword 


SQL> select category_id,name,count(product_name) from category left outer join product on group by category_id,name order by asc;
select category_id,name,count(product_name) from category left outer join product on group by category_id,name order by asc
                                                                                     *
ERROR at line 1:
ORA-00936: missing expression 


SQL> select category_id,name,count(product_name) from category left outer join product on category_id=product_id group by category_id,name order by asc;
select category_id,name,count(product_name) from category left outer join product on category_id=product_id group by category_id,name order by asc
                                                                                                                                               *
ERROR at line 1:
ORA-00936: missing expression 


SQL> select category_id,name,count(product_name) from category left outer join product on category_id=product_id group by category_id,name order by asc;
select category_id,name,count(product_name) from category left outer join product on category_id=product_id group by category_id,name order by asc
                                                                                                                                               *
ERROR at line 1:
ORA-00936: missing expression 


SQL> select category_id,name,count(product_name) from category left outer join product on category_id=product_id and group by category_id,name order by asc;
select category_id,name,count(product_name) from category left outer join product on category_id=product_id and group by category_id,name order by asc
                                                                                                                *
ERROR at line 1:
ORA-00936: missing expression 


SQL> select category_id,name,count(product_name) from category left outer join product on category_id=product_id group by category_id,name order by asc;
select category_id,name,count(product_name) from category left outer join product on category_id=product_id group by category_id,name order by asc
                                                                                                                                               *
ERROR at line 1:
ORA-00936: missing expression 


SQL> select category_id,name,count(product_name) from category,product;
select category_id,name,count(product_name) from category,product
       *
ERROR at line 1:
ORA-00918: column ambiguously defined 


SQL> select c.category_id,name,count(product_name) from category c,product p;
select c.category_id,name,count(product_name) from category c,product p
       *
ERROR at line 1:
ORA-00937: not a single-group group function 


SQL> select category_id,name,count(product_name) from category c,product p
  2  ;
select category_id,name,count(product_name) from category c,product p
       *
ERROR at line 1:
ORA-00918: column ambiguously defined 


SQL> select category_id,name,count(product_name)as 등록상품수 from category c left outer join product p
  2  on c.category_id=p.category_id group by category_id,name order by asc;
on c.category_id=p.category_id group by category_id,name order by asc
                                                                    *
ERROR at line 2:
ORA-00936: missing expression 


SQL> on c.category_id=p.category_id group by category_id,name order by category_id asc;
SP2-0734: unknown command beginning "on c.categ..." - rest of line ignored.
SQL> select category_id,name,count(product_name)as 등록상품수 from category c left outer join product p
  2  on c.category_id=p.category_id group by category_id,name order by category_id asc;
on c.category_id=p.category_id group by category_id,name order by category_id asc
                                             *
ERROR at line 2:
ORA-00918: column ambiguously defined 


SQL> ed
Wrote file afiedt.buf

  1  select c.category_id,name,count(product_name)as 등록상품수 from category c left outer join product p
  2* on c.category_id=p.category_id group by c.category_id,name order by c.category_id asc
SQL> 
SQL> /

CATEGORY_ID NAME                                     등록상품수                                                                                                                                                                                                                                                                                                                                                                                                                                                                                                                                                                                                                                                                                                                                                                                                                                                                                                                                                                         
----------- ---------------------------------------- ----------                                                                                                                                                                                                                                                                                                                                                                                                                                                                                                                                                                                                                                                                                                                                                                                                                                                                                                                                                                         
          1 상의                                             10                                                                                                                                                                                                                                                                                                                                                                                                                                                                                                                                                                                                                                                                                                                                                                                                                                                                                                                                                                         
          2 하의                                              0                                                                                                                                                                                                                                                                                                                                                                                                                                                                                                                                                                                                                                                                                                                                                                                                                                                                                                                                                                         
          3 악세사리                                          0                                                                                                                                                                                                                                                                                                                                                                                                                                                                                                                                                                                                                                                                                                                                                                                                                                                                                                                                                                         
          4 신발                                              0                                                                                                                                                                                                                                                                                                                                                                                                                                                                                                                                                                                                                                                                                                                                                                                                                                                                                                                                                                         

SQL> spool off
